Resolving dependencies...
Downloading packages...
  characters 1.4.0 (1.4.1 available)
  dio 5.9.0 (5.9.1 available)
  file_picker 8.3.7 (10.3.10 available)
  flutter_dotenv 5.2.1 (6.0.0 available)
  flutter_lints 4.0.0 (6.0.0 available)
  flutter_local_notifications 19.5.0 (20.0.0 available)
  flutter_local_notifications_linux 6.0.0 (7.0.0 available)
  flutter_local_notifications_platform_interface 9.1.0 (10.0.0 available)
  flutter_local_notifications_windows 1.0.3 (2.0.0 available)
  get_it 8.3.0 (9.2.0 available)
  go_router 16.3.0 (17.0.1 available)
  js 0.6.7 (0.7.2 available)
  lints 4.0.0 (6.0.0 available)
  matcher 0.12.17 (0.12.18 available)
  material_color_utilities 0.11.1 (0.13.0 available)
  media_kit_video 1.3.1 (2.0.1 available)
  meta 1.17.0 (1.18.1 available)
  msix 3.16.12 (3.16.13 available)
  newrelic_mobile 1.1.20 (1.1.21 available)
  objective_c 9.2.3 (9.2.4 available)
  pointycastle 3.9.1 (4.0.0 available)
  safe_local_storage 2.0.1 (2.0.3 available)
  shared_preferences_android 2.4.18 (2.4.20 available)
  test_api 0.7.7 (0.7.9 available)
  timezone 0.10.1 (0.11.0 available)
  youtube_explode_dart 2.5.3 (3.0.5 available)
Got dependencies!
26 packages have newer versions incompatible with dependency constraints.
Try `flutter pub outdated` for more information.
Compiling lib\main.dart for the Web...                          
flutter : Wasm dry run succeeded. 
Consider building and testing your 
application with the `--wasm` flag. 
See docs for more info: https://docs.f
lutter.dev/platform-integration/web/wa
sm
At line:1 char:1
+ flutter build web 
--no-tree-shake-icons 2>&1 | Out-File 
-FilePath bui ...
+ ~~~~~~~~~~~~~~~~~~~~~~~~~~~~~~~~~~~~
~~~~~~~~
    + CategoryInfo          : NotSpec 
   ified: (Wasm dry run su...ration/  
  web/wasm:String) [], RemoteExcept   
 ion
    + FullyQualifiedErrorId : NativeC 
   ommandError
 
Use --no-wasm-dry-run to disable 
these warnings.
Target dart2js failed: 
ProcessException: Process exited 
abnormally with exit code 1:
lib/services/graph_auth_web.dart:54:41
:
Error: The method 'digest' isn't 
defined for the type '_SubtleCrypto'.
 - '_SubtleCrypto' is from 
'dart:html'.
        final hashBuffer = await 
subtle.digest('SHA-256', data);
                                      
  ^^^^^^
Error: Compilation failed.
  Command: D:\Code\Flutter\flutter\bin
\cache\dart-sdk\bin\dart.exe compile 
js --platform-binaries=D:\Code\Flutter
\flutter\bin\cache\flutter_web_sdk\ker
nel --invoker=flutter_tool 
-Ddart.vm.product=true 
-DFLUTTER_VERSION=3.38.4 
-DFLUTTER_CHANNEL=stable -DFLUTTER_GIT
_URL=https://github.com/flutter/flutte
r.git -DFLUTTER_FRAMEWORK_REVISION=66d
d93f9a2 
-DFLUTTER_ENGINE_REVISION=a5cb96369e 
-DFLUTTER_DART_VERSION=3.10.3 
-DFLUTTER_WEB_USE_SKIA=true 
-DFLUTTER_WEB_USE_SKWASM=false -DFLUTT
ER_WEB_CANVASKIT_URL=https://www.gstat
ic.com/flutter-canvaskit/a5cb96369ef86
c7e85abf5d662a1ca5d89775053/ 
--native-null-assertions 
--no-source-maps -O4 --minify -o D:\Co
de\Freak-Flix\.dart_tool\flutter_build
\a8f237fe96c6ccb8166af72bf4daf9b6\app.
dill --packages=D:\Code\Freak-Flix\.da
rt_tool\package_config.json 
--cfe-only D:\Code\Freak-Flix\.dart_to
ol\flutter_build\a8f237fe96c6ccb8166af
72bf4daf9b6\main.dart
#0      RunResult.throwException (pack
age:flutter_tools/src/base/process.dar
t:153:5)
#1      _DefaultProcessUtils.run (pack
age:flutter_tools/src/base/process.dar
t:379:19)
<asynchronous suspension>
#2      Dart2JSTarget.build (package:f
lutter_tools/src/build_system/targets/
web.dart:207:5)
<asynchronous suspension>
#3      
_BuildInstance._invokeInternal (packag
e:flutter_tools/src/build_system/build
_system.dart:895:9)
<asynchronous suspension>
#4      Future.wait.<anonymous 
closure> 
(dart:async/future.dart:546:21)
<asynchronous suspension>
#5      _BuildInstance.invokeTarget (p
ackage:flutter_tools/src/build_system/
build_system.dart:833:32)
<asynchronous suspension>
#6      Future.wait.<anonymous 
closure> 
(dart:async/future.dart:546:21)
<asynchronous suspension>
#7      _BuildInstance.invokeTarget (p
ackage:flutter_tools/src/build_system/
build_system.dart:833:32)
<asynchronous suspension>
#8      FlutterBuildSystem.build (pack
age:flutter_tools/src/build_system/bui
ld_system.dart:653:16)
<asynchronous suspension>
#9      WebBuilder.buildWeb (package:f
lutter_tools/src/web/compile.dart:94:3
4)
<asynchronous suspension>
#10     BuildWebCommand.runCommand (pa
ckage:flutter_tools/src/commands/build
_web.dart:296:5)
<asynchronous suspension>
#11     FlutterCommand.run.<anonymous 
closure> (package:flutter_tools/src/ru
nner/flutter_command.dart:1559:27)
<asynchronous suspension>
#12     AppContext.run.<anonymous 
closure> (package:flutter_tools/src/ba
se/context.dart:154:19)
<asynchronous suspension>
#13     CommandRunner.runCommand (pack
age:args/command_runner.dart:212:13)
<asynchronous suspension>
#14     FlutterCommandRunner.runComman
d.<anonymous closure> (package:flutter
_tools/src/runner/flutter_command_runn
er.dart:487:9)
<asynchronous suspension>
#15     AppContext.run.<anonymous 
closure> (package:flutter_tools/src/ba
se/context.dart:154:19)
<asynchronous suspension>
#16     
FlutterCommandRunner.runCommand (packa
ge:flutter_tools/src/runner/flutter_co
mmand_runner.dart:422:5)
<asynchronous suspension>
#17     run.<anonymous 
closure>.<anonymous closure> (package:
flutter_tools/runner.dart:104:11)
<asynchronous suspension>
#18     AppContext.run.<anonymous 
closure> (package:flutter_tools/src/ba
se/context.dart:154:19)
<asynchronous suspension>
#19     main (package:flutter_tools/ex
ecutable.dart:103:3)
<asynchronous suspension>

Compiling lib\main.dart for the Web...                             44.6s
Error: Failed to compile application 
for the Web.
